label	input_hex	input_len	input_collation	result_hex	result_collation	result_text
B.legal-0		0	utf8mb3_general_ci		utf8mb4_0900_ai_ci	
Warning (Code 1287): 'utf8mb3' is deprecated and will be removed in a future release. Please use utf8mb4 instead
Warning (Code 1287): 'utf8mb3' is deprecated and will be removed in a future release. Please use utf8mb4 instead
Warning (Code 1287): 'utf8mb3' is deprecated and will be removed in a future release. Please use utf8mb4 instead
Warning (Code 1287): 'utf8mb3' is deprecated and will be removed in a future release. Please use utf8mb4 instead
Warning (Code 1287): 'utf8mb3' is deprecated and will be removed in a future release. Please use utf8mb4 instead
Warning (Code 1287): 'utf8mb3' is deprecated and will be removed in a future release. Please use utf8mb4 instead
Warning (Code 1287): 'utf8mb3' is deprecated and will be removed in a future release. Please use utf8mb4 instead
Warning (Code 1287): 'utf8mb3' is deprecated and will be removed in a future release. Please use utf8mb4 instead
Warning (Code 1287): 'utf8mb3' is deprecated and will be removed in a future release. Please use utf8mb4 instead
label	input_hex	input_len	input_collation	result_hex	result_collation	result_text
B.legal-1	44454641554C545F47454E455241544544	17	utf8mb3_general_ci		utf8mb4_0900_ai_ci	
Warning (Code 1287): 'utf8mb3' is deprecated and will be removed in a future release. Please use utf8mb4 instead
Warning (Code 1287): 'utf8mb3' is deprecated and will be removed in a future release. Please use utf8mb4 instead
Warning (Code 1287): 'utf8mb3' is deprecated and will be removed in a future release. Please use utf8mb4 instead
Warning (Code 1287): 'utf8mb3' is deprecated and will be removed in a future release. Please use utf8mb4 instead
Warning (Code 1287): 'utf8mb3' is deprecated and will be removed in a future release. Please use utf8mb4 instead
Warning (Code 1287): 'utf8mb3' is deprecated and will be removed in a future release. Please use utf8mb4 instead
Warning (Code 1287): 'utf8mb3' is deprecated and will be removed in a future release. Please use utf8mb4 instead
Warning (Code 1287): 'utf8mb3' is deprecated and will be removed in a future release. Please use utf8mb4 instead
Warning (Code 1287): 'utf8mb3' is deprecated and will be removed in a future release. Please use utf8mb4 instead
label	input_hex	input_len	input_collation	result_hex	result_collation	result_text
B.legal-2	4F4E205550444154452043555252454E545F54494D455354414D50	27	utf8mb3_general_ci	6F6E207570646174652063757272656E745F74696D657374616D70	utf8mb4_0900_ai_ci	on update current_timestamp
Warning (Code 1287): 'utf8mb3' is deprecated and will be removed in a future release. Please use utf8mb4 instead
Warning (Code 1287): 'utf8mb3' is deprecated and will be removed in a future release. Please use utf8mb4 instead
Warning (Code 1287): 'utf8mb3' is deprecated and will be removed in a future release. Please use utf8mb4 instead
Warning (Code 1287): 'utf8mb3' is deprecated and will be removed in a future release. Please use utf8mb4 instead
Warning (Code 1287): 'utf8mb3' is deprecated and will be removed in a future release. Please use utf8mb4 instead
Warning (Code 1287): 'utf8mb3' is deprecated and will be removed in a future release. Please use utf8mb4 instead
Warning (Code 1287): 'utf8mb3' is deprecated and will be removed in a future release. Please use utf8mb4 instead
Warning (Code 1287): 'utf8mb3' is deprecated and will be removed in a future release. Please use utf8mb4 instead
Warning (Code 1287): 'utf8mb3' is deprecated and will be removed in a future release. Please use utf8mb4 instead
label	input_hex	input_len	input_collation	result_hex	result_collation	result_text
B.legal-3	44454641554C545F47454E455241544544206F6E207570646174652043555252454E545F54494D455354414D50283029	48	utf8mb3_general_ci	6F6E207570646174652063757272656E745F74696D657374616D70	utf8mb4_0900_ai_ci	on update current_timestamp
Warning (Code 1287): 'utf8mb3' is deprecated and will be removed in a future release. Please use utf8mb4 instead
Warning (Code 1287): 'utf8mb3' is deprecated and will be removed in a future release. Please use utf8mb4 instead
Warning (Code 1287): 'utf8mb3' is deprecated and will be removed in a future release. Please use utf8mb4 instead
Warning (Code 1287): 'utf8mb3' is deprecated and will be removed in a future release. Please use utf8mb4 instead
Warning (Code 1287): 'utf8mb3' is deprecated and will be removed in a future release. Please use utf8mb4 instead
Warning (Code 1287): 'utf8mb3' is deprecated and will be removed in a future release. Please use utf8mb4 instead
Warning (Code 1287): 'utf8mb3' is deprecated and will be removed in a future release. Please use utf8mb4 instead
Warning (Code 1287): 'utf8mb3' is deprecated and will be removed in a future release. Please use utf8mb4 instead
Warning (Code 1287): 'utf8mb3' is deprecated and will be removed in a future release. Please use utf8mb4 instead
label	input_hex	input_len	input_collation	result_hex	result_collation	result_text
B.illegal-0	20	1	utf8mb3_general_ci		utf8mb4_0900_ai_ci	
Warning (Code 1287): 'utf8mb3' is deprecated and will be removed in a future release. Please use utf8mb4 instead
Warning (Code 1287): 'utf8mb3' is deprecated and will be removed in a future release. Please use utf8mb4 instead
Warning (Code 1287): 'utf8mb3' is deprecated and will be removed in a future release. Please use utf8mb4 instead
Warning (Code 1287): 'utf8mb3' is deprecated and will be removed in a future release. Please use utf8mb4 instead
Warning (Code 1287): 'utf8mb3' is deprecated and will be removed in a future release. Please use utf8mb4 instead
Warning (Code 1287): 'utf8mb3' is deprecated and will be removed in a future release. Please use utf8mb4 instead
Warning (Code 1287): 'utf8mb3' is deprecated and will be removed in a future release. Please use utf8mb4 instead
Warning (Code 1287): 'utf8mb3' is deprecated and will be removed in a future release. Please use utf8mb4 instead
Warning (Code 1287): 'utf8mb3' is deprecated and will be removed in a future release. Please use utf8mb4 instead
label	input_hex	input_len	input_collation	result_hex	result_collation	result_text
B.illegal-1	64656661756C745F67656E65726174656420	18	utf8mb3_general_ci		utf8mb4_0900_ai_ci	
Warning (Code 1287): 'utf8mb3' is deprecated and will be removed in a future release. Please use utf8mb4 instead
Warning (Code 1287): 'utf8mb3' is deprecated and will be removed in a future release. Please use utf8mb4 instead
Warning (Code 1287): 'utf8mb3' is deprecated and will be removed in a future release. Please use utf8mb4 instead
Warning (Code 1287): 'utf8mb3' is deprecated and will be removed in a future release. Please use utf8mb4 instead
Warning (Code 1287): 'utf8mb3' is deprecated and will be removed in a future release. Please use utf8mb4 instead
Warning (Code 1287): 'utf8mb3' is deprecated and will be removed in a future release. Please use utf8mb4 instead
Warning (Code 1287): 'utf8mb3' is deprecated and will be removed in a future release. Please use utf8mb4 instead
Warning (Code 1287): 'utf8mb3' is deprecated and will be removed in a future release. Please use utf8mb4 instead
Warning (Code 1287): 'utf8mb3' is deprecated and will be removed in a future release. Please use utf8mb4 instead
label	input_hex	input_len	input_collation	result_hex	result_collation	result_text
B.illegal-2	6F6E207570646174652063757272656E745F74696D657374616D7020	28	utf8mb3_general_ci	6F6E207570646174652063757272656E745F74696D657374616D70	utf8mb4_0900_ai_ci	on update current_timestamp
Warning (Code 1287): 'utf8mb3' is deprecated and will be removed in a future release. Please use utf8mb4 instead
Warning (Code 1287): 'utf8mb3' is deprecated and will be removed in a future release. Please use utf8mb4 instead
Warning (Code 1287): 'utf8mb3' is deprecated and will be removed in a future release. Please use utf8mb4 instead
Warning (Code 1287): 'utf8mb3' is deprecated and will be removed in a future release. Please use utf8mb4 instead
Warning (Code 1287): 'utf8mb3' is deprecated and will be removed in a future release. Please use utf8mb4 instead
Warning (Code 1287): 'utf8mb3' is deprecated and will be removed in a future release. Please use utf8mb4 instead
Warning (Code 1287): 'utf8mb3' is deprecated and will be removed in a future release. Please use utf8mb4 instead
Warning (Code 1287): 'utf8mb3' is deprecated and will be removed in a future release. Please use utf8mb4 instead
Warning (Code 1287): 'utf8mb3' is deprecated and will be removed in a future release. Please use utf8mb4 instead
label	input_hex	input_len	input_collation	result_hex	result_collation	result_text
B.illegal-3	64656661756C745F67656E657261746564206F6E207570646174652063757272656E745F74696D657374616D7028302920	49	utf8mb3_general_ci	6F6E207570646174652063757272656E745F74696D657374616D70	utf8mb4_0900_ai_ci	on update current_timestamp
Warning (Code 1287): 'utf8mb3' is deprecated and will be removed in a future release. Please use utf8mb4 instead
Warning (Code 1287): 'utf8mb3' is deprecated and will be removed in a future release. Please use utf8mb4 instead
Warning (Code 1287): 'utf8mb3' is deprecated and will be removed in a future release. Please use utf8mb4 instead
Warning (Code 1287): 'utf8mb3' is deprecated and will be removed in a future release. Please use utf8mb4 instead
Warning (Code 1287): 'utf8mb3' is deprecated and will be removed in a future release. Please use utf8mb4 instead
Warning (Code 1287): 'utf8mb3' is deprecated and will be removed in a future release. Please use utf8mb4 instead
Warning (Code 1287): 'utf8mb3' is deprecated and will be removed in a future release. Please use utf8mb4 instead
Warning (Code 1287): 'utf8mb3' is deprecated and will be removed in a future release. Please use utf8mb4 instead
Warning (Code 1287): 'utf8mb3' is deprecated and will be removed in a future release. Please use utf8mb4 instead
