=== RUN   TestT06A1PrimaryKeyPresenceControls
=== RUN   TestT06A1PrimaryKeyPresenceControls/mysql
=== RUN   TestT06A1PrimaryKeyPresenceControls/tidb
--- PASS: TestT06A1PrimaryKeyPresenceControls (0.03s)
    --- PASS: TestT06A1PrimaryKeyPresenceControls/mysql (0.02s)
    --- PASS: TestT06A1PrimaryKeyPresenceControls/tidb (0.01s)
=== RUN   TestT06A1BatchAttribution
=== RUN   TestT06A1BatchAttribution/mysql
=== RUN   TestT06A1BatchAttribution/tidb
--- PASS: TestT06A1BatchAttribution (0.01s)
    --- PASS: TestT06A1BatchAttribution/mysql (0.00s)
    --- PASS: TestT06A1BatchAttribution/tidb (0.00s)
=== RUN   TestT06A1UniqueKeyNotPrimaryKey
=== RUN   TestT06A1UniqueKeyNotPrimaryKey/mysql
=== RUN   TestT06A1UniqueKeyNotPrimaryKey/tidb
--- PASS: TestT06A1UniqueKeyNotPrimaryKey (0.01s)
    --- PASS: TestT06A1UniqueKeyNotPrimaryKey/mysql (0.00s)
    --- PASS: TestT06A1UniqueKeyNotPrimaryKey/tidb (0.00s)
=== RUN   TestT06A1PrimaryKeyNormalization
=== RUN   TestT06A1PrimaryKeyNormalization/mysql
=== RUN   TestT06A1PrimaryKeyNormalization/tidb
--- PASS: TestT06A1PrimaryKeyNormalization (0.00s)
    --- PASS: TestT06A1PrimaryKeyNormalization/mysql (0.00s)
    --- PASS: TestT06A1PrimaryKeyNormalization/tidb (0.00s)
=== RUN   TestT06A1PrimaryKeyPreStateConsumption
=== RUN   TestT06A1PrimaryKeyPreStateConsumption/mysql/inline
=== RUN   TestT06A1PrimaryKeyPreStateConsumption/mysql/table
=== RUN   TestT06A1PrimaryKeyPreStateConsumption/mysql/no-pk
=== RUN   TestT06A1PrimaryKeyPreStateConsumption/tidb/inline
=== RUN   TestT06A1PrimaryKeyPreStateConsumption/tidb/table
=== RUN   TestT06A1PrimaryKeyPreStateConsumption/tidb/no-pk
--- PASS: TestT06A1PrimaryKeyPreStateConsumption (0.00s)
    --- PASS: TestT06A1PrimaryKeyPreStateConsumption/mysql/inline (0.00s)
    --- PASS: TestT06A1PrimaryKeyPreStateConsumption/mysql/table (0.00s)
    --- PASS: TestT06A1PrimaryKeyPreStateConsumption/mysql/no-pk (0.00s)
    --- PASS: TestT06A1PrimaryKeyPreStateConsumption/tidb/inline (0.00s)
    --- PASS: TestT06A1PrimaryKeyPreStateConsumption/tidb/table (0.00s)
    --- PASS: TestT06A1PrimaryKeyPreStateConsumption/tidb/no-pk (0.00s)
PASS
ok  	github.com/Fanduzi/DeltaScope/internal/application/audit	0.426s
