=== RUN   TestHandlerT06A1PrimaryKeyPresence
=== RUN   TestHandlerT06A1PrimaryKeyPresence/mysql_no_pk
[GIN-debug] [WARNING] Running in "debug" mode. Switch to "release" mode in production.
 - using env:	export GIN_MODE=release
 - using code:	gin.SetMode(gin.ReleaseMode)

[GIN-debug] GET    /healthz                  --> github.com/Fanduzi/DeltaScope/internal/interfaces/http.NewHandler.func1 (8 handlers)
[GIN-debug] GET    /readyz                   --> github.com/Fanduzi/DeltaScope/internal/interfaces/http.NewHandler.func2 (8 handlers)
[GIN-debug] GET    /version                  --> github.com/Fanduzi/DeltaScope/internal/interfaces/http.NewHandler.func3 (8 handlers)
[GIN-debug] GET    /v1/rules                 --> github.com/Fanduzi/DeltaScope/internal/interfaces/http.NewHandler.func4 (8 handlers)
[GIN-debug] GET    /v1/rules/:rule_id        --> github.com/Fanduzi/DeltaScope/internal/interfaces/http.NewHandler.func5 (8 handlers)
[GIN-debug] GET    /v1/capabilities          --> github.com/Fanduzi/DeltaScope/internal/interfaces/http.NewHandler.func6 (8 handlers)
[GIN-debug] POST   /v1/audit                 --> github.com/Fanduzi/DeltaScope/internal/interfaces/http.NewHandler.func7 (8 handlers)
[GIN-debug] POST   /v1/query-access/analyze  --> github.com/Fanduzi/DeltaScope/internal/interfaces/http.NewHandler.func8 (8 handlers)
[GIN-debug] GET    /metrics                  --> github.com/Fanduzi/DeltaScope/internal/interfaces/http.NewHandler.WrapH.func13 (8 handlers)
2026/10/06 01:18:22 {"timestamp":"2026-10-05T17:18:22Z","level":"info","msg":"http request","method":"POST","path":"/v1/audit","status":200,"duration_ms":3,"request_id":"req-ec5661559069b2021289d716"}
=== RUN   TestHandlerT06A1PrimaryKeyPresence/mysql_table_pk
[GIN-debug] [WARNING] Running in "debug" mode. Switch to "release" mode in production.
 - using env:	export GIN_MODE=release
 - using code:	gin.SetMode(gin.ReleaseMode)

[GIN-debug] GET    /healthz                  --> github.com/Fanduzi/DeltaScope/internal/interfaces/http.NewHandler.func1 (8 handlers)
[GIN-debug] GET    /readyz                   --> github.com/Fanduzi/DeltaScope/internal/interfaces/http.NewHandler.func2 (8 handlers)
[GIN-debug] GET    /version                  --> github.com/Fanduzi/DeltaScope/internal/interfaces/http.NewHandler.func3 (8 handlers)
[GIN-debug] GET    /v1/rules                 --> github.com/Fanduzi/DeltaScope/internal/interfaces/http.NewHandler.func4 (8 handlers)
[GIN-debug] GET    /v1/rules/:rule_id        --> github.com/Fanduzi/DeltaScope/internal/interfaces/http.NewHandler.func5 (8 handlers)
[GIN-debug] GET    /v1/capabilities          --> github.com/Fanduzi/DeltaScope/internal/interfaces/http.NewHandler.func6 (8 handlers)
[GIN-debug] POST   /v1/audit                 --> github.com/Fanduzi/DeltaScope/internal/interfaces/http.NewHandler.func7 (8 handlers)
[GIN-debug] POST   /v1/query-access/analyze  --> github.com/Fanduzi/DeltaScope/internal/interfaces/http.NewHandler.func8 (8 handlers)
[GIN-debug] GET    /metrics                  --> github.com/Fanduzi/DeltaScope/internal/interfaces/http.NewHandler.WrapH.func13 (8 handlers)
2026/10/06 01:18:22 {"timestamp":"2026-10-05T17:18:22Z","level":"info","msg":"http request","method":"POST","path":"/v1/audit","status":200,"duration_ms":2,"request_id":"req-6114fe35ddaf2a2e12da86a6"}
=== RUN   TestHandlerT06A1PrimaryKeyPresence/tidb_no_pk
[GIN-debug] [WARNING] Running in "debug" mode. Switch to "release" mode in production.
 - using env:	export GIN_MODE=release
 - using code:	gin.SetMode(gin.ReleaseMode)

[GIN-debug] GET    /healthz                  --> github.com/Fanduzi/DeltaScope/internal/interfaces/http.NewHandler.func1 (8 handlers)
[GIN-debug] GET    /readyz                   --> github.com/Fanduzi/DeltaScope/internal/interfaces/http.NewHandler.func2 (8 handlers)
[GIN-debug] GET    /version                  --> github.com/Fanduzi/DeltaScope/internal/interfaces/http.NewHandler.func3 (8 handlers)
[GIN-debug] GET    /v1/rules                 --> github.com/Fanduzi/DeltaScope/internal/interfaces/http.NewHandler.func4 (8 handlers)
[GIN-debug] GET    /v1/rules/:rule_id        --> github.com/Fanduzi/DeltaScope/internal/interfaces/http.NewHandler.func5 (8 handlers)
[GIN-debug] GET    /v1/capabilities          --> github.com/Fanduzi/DeltaScope/internal/interfaces/http.NewHandler.func6 (8 handlers)
[GIN-debug] POST   /v1/audit                 --> github.com/Fanduzi/DeltaScope/internal/interfaces/http.NewHandler.func7 (8 handlers)
[GIN-debug] POST   /v1/query-access/analyze  --> github.com/Fanduzi/DeltaScope/internal/interfaces/http.NewHandler.func8 (8 handlers)
[GIN-debug] GET    /metrics                  --> github.com/Fanduzi/DeltaScope/internal/interfaces/http.NewHandler.WrapH.func13 (8 handlers)
2026/10/06 01:18:22 {"timestamp":"2026-10-05T17:18:22Z","level":"info","msg":"http request","method":"POST","path":"/v1/audit","status":200,"duration_ms":1,"request_id":"req-fff3a70c4acc53d94453b60f"}
=== RUN   TestHandlerT06A1PrimaryKeyPresence/tidb_table_pk
[GIN-debug] [WARNING] Running in "debug" mode. Switch to "release" mode in production.
 - using env:	export GIN_MODE=release
 - using code:	gin.SetMode(gin.ReleaseMode)

[GIN-debug] GET    /healthz                  --> github.com/Fanduzi/DeltaScope/internal/interfaces/http.NewHandler.func1 (8 handlers)
[GIN-debug] GET    /readyz                   --> github.com/Fanduzi/DeltaScope/internal/interfaces/http.NewHandler.func2 (8 handlers)
[GIN-debug] GET    /version                  --> github.com/Fanduzi/DeltaScope/internal/interfaces/http.NewHandler.func3 (8 handlers)
[GIN-debug] GET    /v1/rules                 --> github.com/Fanduzi/DeltaScope/internal/interfaces/http.NewHandler.func4 (8 handlers)
[GIN-debug] GET    /v1/rules/:rule_id        --> github.com/Fanduzi/DeltaScope/internal/interfaces/http.NewHandler.func5 (8 handlers)
[GIN-debug] GET    /v1/capabilities          --> github.com/Fanduzi/DeltaScope/internal/interfaces/http.NewHandler.func6 (8 handlers)
[GIN-debug] POST   /v1/audit                 --> github.com/Fanduzi/DeltaScope/internal/interfaces/http.NewHandler.func7 (8 handlers)
[GIN-debug] POST   /v1/query-access/analyze  --> github.com/Fanduzi/DeltaScope/internal/interfaces/http.NewHandler.func8 (8 handlers)
[GIN-debug] GET    /metrics                  --> github.com/Fanduzi/DeltaScope/internal/interfaces/http.NewHandler.WrapH.func13 (8 handlers)
2026/10/06 01:18:22 {"timestamp":"2026-10-05T17:18:22Z","level":"info","msg":"http request","method":"POST","path":"/v1/audit","status":200,"duration_ms":1,"request_id":"req-147b13e317166f09d2779b2a"}
--- PASS: TestHandlerT06A1PrimaryKeyPresence (0.02s)
    --- PASS: TestHandlerT06A1PrimaryKeyPresence/mysql_no_pk (0.01s)
    --- PASS: TestHandlerT06A1PrimaryKeyPresence/mysql_table_pk (0.01s)
    --- PASS: TestHandlerT06A1PrimaryKeyPresence/tidb_no_pk (0.00s)
    --- PASS: TestHandlerT06A1PrimaryKeyPresence/tidb_table_pk (0.00s)
PASS
ok  	github.com/Fanduzi/DeltaScope/internal/interfaces/http	0.644s
