[ddl-golden][FAIL] T06-A1 T06.cli.t06-a9-mysql-missing-both: finding statement_kind must be present and 'ddl': {'rule_id': 'ddl.table.audit_columns.require', 'level': 'blocker', 'message': 'table should include a created-time audit column with DEFAULT CURRENT_TIMESTAMP', 'location': {'line': 1, 'column': 1}, 'suggestion': 'add a datetime/timestamp column with DEFAULT CURRENT_TIMESTAMP', 'metadata': {'kind': 'created', 'table': 't'}, 'explanation': {'summary': 'Require DDL table audit columns require', 'why': 'The statement is missing a clause, option, or object that the shipped policy requires.', 'risk': 'Ignoring this rule can weaken schema-governance guarantees and make changes harder to review safely.', 'suggestion': 'add a datetime/timestamp column with DEFAULT CURRENT_TIMESTAMP'}}
[ddl-golden][FAIL] T06-A1 T06.cli.t06-a9-mysql-missing-both: finding multiset mismatch: got ["(0, 'ddl', 'ddl.table.audit_columns.require', 'blocker', 'table should include an updated-time audit column with DEFAULT CURRENT_TIMESTAMP ON UPDATE CURRENT_TIMESTAMP', 1, 1, (('kind', 'updated'), ('table', 't')))", "(0, None, 'ddl.table.audit_columns.require', 'blocker', 'table should include a created-time audit column with DEFAULT CURRENT_TIMESTAMP', 1, 1, (('kind', 'created'), ('table', 't')))"] want ["(0, 'ddl', 'ddl.table.audit_columns.require', 'blocker', 'table should include a created-time audit column with DEFAULT CURRENT_TIMESTAMP', 1, 1, (('kind', 'created'), ('table', 't')))", "(0, 'ddl', 'ddl.table.audit_columns.require', 'blocker', 'table should include an updated-time audit column with DEFAULT CURRENT_TIMESTAMP ON UPDATE CURRENT_TIMESTAMP', 1, 1, (('kind', 'updated'), ('table', 't')))"]
[ddl-golden][FAIL] T06-A1 T06.cli.t06-a9-tidb-missing-both: finding statement_kind must be present and 'ddl': {'rule_id': 'ddl.table.audit_columns.require', 'level': 'blocker', 'message': 'table should include a created-time audit column with DEFAULT CURRENT_TIMESTAMP', 'location': {'line': 1, 'column': 1}, 'suggestion': 'add a datetime/timestamp column with DEFAULT CURRENT_TIMESTAMP', 'metadata': {'kind': 'created', 'table': 't'}, 'explanation': {'summary': 'Require DDL table audit columns require', 'why': 'The statement is missing a clause, option, or object that the shipped policy requires.', 'risk': 'Ignoring this rule can weaken schema-governance guarantees and make changes harder to review safely.', 'suggestion': 'add a datetime/timestamp column with DEFAULT CURRENT_TIMESTAMP'}}
[ddl-golden][FAIL] T06-A1 T06.cli.t06-a9-tidb-missing-both: finding statement_kind must be present and 'ddl': {'rule_id': 'ddl.table.audit_columns.require', 'level': 'blocker', 'message': 'table should include an updated-time audit column with DEFAULT CURRENT_TIMESTAMP ON UPDATE CURRENT_TIMESTAMP', 'location': {'line': 1, 'column': 1}, 'suggestion': 'add a datetime/timestamp column with DEFAULT CURRENT_TIMESTAMP ON UPDATE CURRENT_TIMESTAMP', 'metadata': {'kind': 'updated', 'table': 't'}, 'explanation': {'summary': 'Require DDL table audit columns require', 'why': 'The statement is missing a clause, option, or object that the shipped policy requires.', 'risk': 'Ignoring this rule can weaken schema-governance guarantees and make changes harder to review safely.', 'suggestion': 'add a datetime/timestamp column with DEFAULT CURRENT_TIMESTAMP ON UPDATE CURRENT_TIMESTAMP'}}
[ddl-golden][FAIL] T06-A1 T06.cli.t06-a9-tidb-missing-both: finding multiset mismatch: got ["(0, None, 'ddl.table.audit_columns.require', 'blocker', 'table should include a created-time audit column with DEFAULT CURRENT_TIMESTAMP', 1, 1, (('kind', 'created'), ('table', 't')))", "(0, None, 'ddl.table.audit_columns.require', 'blocker', 'table should include an updated-time audit column with DEFAULT CURRENT_TIMESTAMP ON UPDATE CURRENT_TIMESTAMP', 1, 1, (('kind', 'updated'), ('table', 't')))"] want ["(0, 'ddl', 'ddl.table.audit_columns.require', 'blocker', 'table should include a created-time audit column with DEFAULT CURRENT_TIMESTAMP', 1, 1, (('kind', 'created'), ('table', 't')))", "(0, 'ddl', 'ddl.table.audit_columns.require', 'blocker', 'table should include an updated-time audit column with DEFAULT CURRENT_TIMESTAMP ON UPDATE CURRENT_TIMESTAMP', 1, 1, (('kind', 'updated'), ('table', 't')))"]
[ddl-golden][FAIL] case T06.meta.t06-a9-mysql57-complete-pair: structure query count 12 != manifest 13
[ddl-golden][FAIL] case T06.meta.t06-a9-mysql57-complete-pair: structure 4 identity mismatch
[ddl-golden][FAIL] case T06.meta.t06-a9-mysql57-complete-pair: structure 6 identity mismatch
[ddl-golden][FAIL] case T06.meta.t06-a9-mysql57-complete-pair: structure 11 identity mismatch
[ddl-golden][FAIL] case T06.meta.t06-a9-mysql57-complete-pair: structure extra whitelist literal control output 'InnoDB' != '|||on update current_timestamp|on update current_timestamp|on update current_timestamp|on update current_timestamp|on update current_timestamp|on update current_timestamp|<unrecognized-extra>|<unrecognized-extra>|<unrecognized-extra>|<unrecognized-extra>|<unrecognized-extra>|<unrecognized-extra>|<unrecognized-extra>|<unrecognized-extra>|<unrecognized-extra>'
[ddl-golden][FAIL] case T06.meta.t06-a9-mysql57-missing-created: structure query count 10 != manifest 11
[ddl-golden][FAIL] case T06.meta.t06-a9-mysql57-missing-created: structure 4 identity mismatch
[ddl-golden][FAIL] case T06.meta.t06-a9-mysql57-missing-created: structure 9 identity mismatch
[ddl-golden][FAIL] case T06.meta.t06-a9-mysql57-missing-created: structure extra whitelist literal control output 'InnoDB' != '|||on update current_timestamp|on update current_timestamp|on update current_timestamp|on update current_timestamp|on update current_timestamp|on update current_timestamp|<unrecognized-extra>|<unrecognized-extra>|<unrecognized-extra>|<unrecognized-extra>|<unrecognized-extra>|<unrecognized-extra>|<unrecognized-extra>|<unrecognized-extra>|<unrecognized-extra>'
[ddl-golden][FAIL] case T06.meta.t06-a9-mysql57-missing-updated: structure query count 10 != manifest 11
[ddl-golden][FAIL] case T06.meta.t06-a9-mysql57-missing-updated: structure 4 identity mismatch
[ddl-golden][FAIL] case T06.meta.t06-a9-mysql57-missing-updated: structure 9 identity mismatch
[ddl-golden][FAIL] case T06.meta.t06-a9-mysql57-missing-updated: structure extra whitelist literal control output 'InnoDB' != '|||on update current_timestamp|on update current_timestamp|on update current_timestamp|on update current_timestamp|on update current_timestamp|on update current_timestamp|<unrecognized-extra>|<unrecognized-extra>|<unrecognized-extra>|<unrecognized-extra>|<unrecognized-extra>|<unrecognized-extra>|<unrecognized-extra>|<unrecognized-extra>|<unrecognized-extra>'
[ddl-golden][FAIL] case T06.meta.t06-a9-mysql57-now-spelling: structure query count 12 != manifest 13
[ddl-golden][FAIL] case T06.meta.t06-a9-mysql57-now-spelling: structure 4 identity mismatch
[ddl-golden][FAIL] case T06.meta.t06-a9-mysql57-now-spelling: structure 6 identity mismatch
[ddl-golden][FAIL] case T06.meta.t06-a9-mysql57-now-spelling: structure 11 identity mismatch
[ddl-golden][FAIL] case T06.meta.t06-a9-mysql57-now-spelling: structure extra whitelist literal control output 'InnoDB' != '|||on update current_timestamp|on update current_timestamp|on update current_timestamp|on update current_timestamp|on update current_timestamp|on update current_timestamp|<unrecognized-extra>|<unrecognized-extra>|<unrecognized-extra>|<unrecognized-extra>|<unrecognized-extra>|<unrecognized-extra>|<unrecognized-extra>|<unrecognized-extra>|<unrecognized-extra>'
[ddl-golden][FAIL] case T06.meta.t06-a9-mysql80-complete-pair: structure query count 12 != manifest 13
[ddl-golden][FAIL] case T06.meta.t06-a9-mysql80-complete-pair: structure 4 identity mismatch
[ddl-golden][FAIL] case T06.meta.t06-a9-mysql80-complete-pair: structure 6 identity mismatch
[ddl-golden][FAIL] case T06.meta.t06-a9-mysql80-complete-pair: structure 11 identity mismatch
[ddl-golden][FAIL] case T06.meta.t06-a9-mysql80-complete-pair: structure extra whitelist literal control output 'InnoDB' != '|||on update current_timestamp|on update current_timestamp|on update current_timestamp|on update current_timestamp|on update current_timestamp|on update current_timestamp|<unrecognized-extra>|<unrecognized-extra>|<unrecognized-extra>|<unrecognized-extra>|<unrecognized-extra>|<unrecognized-extra>|<unrecognized-extra>|<unrecognized-extra>|<unrecognized-extra>'
[ddl-golden][FAIL] case T06.meta.t06-a9-mysql80-missing-created: structure query count 10 != manifest 11
[ddl-golden][FAIL] case T06.meta.t06-a9-mysql80-missing-created: structure 4 identity mismatch
[ddl-golden][FAIL] case T06.meta.t06-a9-mysql80-missing-created: structure 9 identity mismatch
[ddl-golden][FAIL] case T06.meta.t06-a9-mysql80-missing-created: structure extra whitelist literal control output 'InnoDB' != '|||on update current_timestamp|on update current_timestamp|on update current_timestamp|on update current_timestamp|on update current_timestamp|on update current_timestamp|<unrecognized-extra>|<unrecognized-extra>|<unrecognized-extra>|<unrecognized-extra>|<unrecognized-extra>|<unrecognized-extra>|<unrecognized-extra>|<unrecognized-extra>|<unrecognized-extra>'
[ddl-golden][FAIL] case T06.meta.t06-a9-mysql80-missing-updated: structure query count 10 != manifest 11
[ddl-golden][FAIL] case T06.meta.t06-a9-mysql80-missing-updated: structure 4 identity mismatch
[ddl-golden][FAIL] case T06.meta.t06-a9-mysql80-missing-updated: structure 9 identity mismatch
[ddl-golden][FAIL] case T06.meta.t06-a9-mysql80-missing-updated: structure extra whitelist literal control output 'InnoDB' != '|||on update current_timestamp|on update current_timestamp|on update current_timestamp|on update current_timestamp|on update current_timestamp|on update current_timestamp|<unrecognized-extra>|<unrecognized-extra>|<unrecognized-extra>|<unrecognized-extra>|<unrecognized-extra>|<unrecognized-extra>|<unrecognized-extra>|<unrecognized-extra>|<unrecognized-extra>'
[ddl-golden][FAIL] case T06.meta.t06-a9-mysql80-now-spelling: structure query count 12 != manifest 13
[ddl-golden][FAIL] case T06.meta.t06-a9-mysql80-now-spelling: structure 4 identity mismatch
[ddl-golden][FAIL] case T06.meta.t06-a9-mysql80-now-spelling: structure 6 identity mismatch
[ddl-golden][FAIL] case T06.meta.t06-a9-mysql80-now-spelling: structure 11 identity mismatch
[ddl-golden][FAIL] case T06.meta.t06-a9-mysql80-now-spelling: structure extra whitelist literal control output 'InnoDB' != '|||on update current_timestamp|on update current_timestamp|on update current_timestamp|on update current_timestamp|on update current_timestamp|on update current_timestamp|<unrecognized-extra>|<unrecognized-extra>|<unrecognized-extra>|<unrecognized-extra>|<unrecognized-extra>|<unrecognized-extra>|<unrecognized-extra>|<unrecognized-extra>|<unrecognized-extra>'
[ddl-golden][FAIL] case T06.meta.t06-a9-mysql84-complete-pair: structure query count 12 != manifest 13
[ddl-golden][FAIL] case T06.meta.t06-a9-mysql84-complete-pair: structure 4 identity mismatch
[ddl-golden][FAIL] case T06.meta.t06-a9-mysql84-complete-pair: structure 6 identity mismatch
[ddl-golden][FAIL] case T06.meta.t06-a9-mysql84-complete-pair: structure 11 identity mismatch
[ddl-golden][FAIL] case T06.meta.t06-a9-mysql84-complete-pair: structure extra whitelist literal control output 'InnoDB' != '|||on update current_timestamp|on update current_timestamp|on update current_timestamp|on update current_timestamp|on update current_timestamp|on update current_timestamp|<unrecognized-extra>|<unrecognized-extra>|<unrecognized-extra>|<unrecognized-extra>|<unrecognized-extra>|<unrecognized-extra>|<unrecognized-extra>|<unrecognized-extra>|<unrecognized-extra>'
[ddl-golden][FAIL] case T06.meta.t06-a9-mysql84-missing-created: structure query count 10 != manifest 11
[ddl-golden][FAIL] case T06.meta.t06-a9-mysql84-missing-created: structure 4 identity mismatch
[ddl-golden][FAIL] case T06.meta.t06-a9-mysql84-missing-created: structure 9 identity mismatch
[ddl-golden][FAIL] case T06.meta.t06-a9-mysql84-missing-created: structure extra whitelist literal control output 'InnoDB' != '|||on update current_timestamp|on update current_timestamp|on update current_timestamp|on update current_timestamp|on update current_timestamp|on update current_timestamp|<unrecognized-extra>|<unrecognized-extra>|<unrecognized-extra>|<unrecognized-extra>|<unrecognized-extra>|<unrecognized-extra>|<unrecognized-extra>|<unrecognized-extra>|<unrecognized-extra>'
[ddl-golden][FAIL] case T06.meta.t06-a9-mysql84-missing-updated: structure query count 10 != manifest 11
[ddl-golden][FAIL] case T06.meta.t06-a9-mysql84-missing-updated: structure 4 identity mismatch
[ddl-golden][FAIL] case T06.meta.t06-a9-mysql84-missing-updated: structure 9 identity mismatch
[ddl-golden][FAIL] case T06.meta.t06-a9-mysql84-missing-updated: structure extra whitelist literal control output 'InnoDB' != '|||on update current_timestamp|on update current_timestamp|on update current_timestamp|on update current_timestamp|on update current_timestamp|on update current_timestamp|<unrecognized-extra>|<unrecognized-extra>|<unrecognized-extra>|<unrecognized-extra>|<unrecognized-extra>|<unrecognized-extra>|<unrecognized-extra>|<unrecognized-extra>|<unrecognized-extra>'
[ddl-golden][FAIL] case T06.meta.t06-a9-mysql84-now-spelling: structure query count 12 != manifest 13
[ddl-golden][FAIL] case T06.meta.t06-a9-mysql84-now-spelling: structure 4 identity mismatch
[ddl-golden][FAIL] case T06.meta.t06-a9-mysql84-now-spelling: structure 6 identity mismatch
[ddl-golden][FAIL] case T06.meta.t06-a9-mysql84-now-spelling: structure 11 identity mismatch
[ddl-golden][FAIL] case T06.meta.t06-a9-mysql84-now-spelling: structure extra whitelist literal control output 'InnoDB' != '|||on update current_timestamp|on update current_timestamp|on update current_timestamp|on update current_timestamp|on update current_timestamp|on update current_timestamp|<unrecognized-extra>|<unrecognized-extra>|<unrecognized-extra>|<unrecognized-extra>|<unrecognized-extra>|<unrecognized-extra>|<unrecognized-extra>|<unrecognized-extra>|<unrecognized-extra>'
[ddl-golden][FAIL] case T06.meta.t06-a9-tidb85-complete-pair: structure query count 11 != manifest 12
[ddl-golden][FAIL] case T06.meta.t06-a9-tidb85-complete-pair: structure 4 identity mismatch
[ddl-golden][FAIL] case T06.meta.t06-a9-tidb85-complete-pair: structure 6 identity mismatch
[ddl-golden][FAIL] case T06.meta.t06-a9-tidb85-missing-created: structure query count 9 != manifest 10
[ddl-golden][FAIL] case T06.meta.t06-a9-tidb85-missing-created: structure 4 identity mismatch
[ddl-golden][FAIL] case T06.meta.t06-a9-tidb85-missing-updated: structure query count 9 != manifest 10
[ddl-golden][FAIL] case T06.meta.t06-a9-tidb85-missing-updated: structure 4 identity mismatch
[ddl-golden][FAIL] case T06.meta.t06-a9-tidb85-now-spelling: structure query count 11 != manifest 12
[ddl-golden][FAIL] case T06.meta.t06-a9-tidb85-now-spelling: structure 4 identity mismatch
[ddl-golden][FAIL] case T06.meta.t06-a9-tidb85-now-spelling: structure 6 identity mismatch
post-fix mutant rc=1
