# literal order:
0 ''
1 'default_generated'
2 'DEFAULT_GENERATED'
3 'on update current_timestamp'
4 'ON UPDATE CURRENT_TIMESTAMP()'
5 'on update current_timestamp(0)'
6 'default_generated on update current_timestamp'
7 'default_generated ON UPDATE current_timestamp()'
8 'default_generated on update current_timestamp(0)'
9 'DEFAULT_GENERATED()'
10 'DEFAULT_GENERATEDDEFAULT_GENERATED'
11 '()'
12 'on update CURRENT_TIMESTAMP(0)()'
13 'on update current_default_generatedtimestamp'
14 'on update curr()ent_timestamp'
15 'on update current_timestamp(3)'
16 'stored generated'
17 None

# host: docker compose service mysql84 (mysql:8.4.10)
8.4.10

# SELECT with legacy permissive REPLACE oracle:
+-------+-------+-------+-----------------------------+-----------------------------+-----------------------------+-----------------------------+-----------------------------+-----------------------------+-------+--------+--------+-----------------------------+-----------------------------+-----------------------------+--------------------------------+------------------+--------+
| old_0 | old_1 | old_2 | old_3                       | old_4                       | old_5                       | old_6                       | old_7                       | old_8                       | old_9 | old_10 | old_11 | old_12                      | old_13                      | old_14                      | old_15                         | old_16           | old_17 |
+-------+-------+-------+-----------------------------+-----------------------------+-----------------------------+-----------------------------+-----------------------------+-----------------------------+-------+--------+--------+-----------------------------+-----------------------------+-----------------------------+--------------------------------+------------------+--------+
|       |       |       | on update current_timestamp | on update current_timestamp | on update current_timestamp | on update current_timestamp | on update current_timestamp | on update current_timestamp |       |        |        | on update current_timestamp | on update current_timestamp | on update current_timestamp | on update current_timestamp(3) | stored generated | NULL   |

# SELECT with new strict CASE whitelist oracle:
+-------+-------+-------+-----------------------------+-----------------------------+-----------------------------+-----------------------------+-----------------------------+-----------------------------+-------+--------+--------+-----------------------------+-----------------------------+-----------------------------+--------------------------------+------------------+--------+
+-------+-------+-------+-----------------------------+-----------------------------+-----------------------------+-----------------------------+-----------------------------+-----------------------------+----------------------+----------------------+----------------------+----------------------+----------------------+----------------------+----------------------+----------------------+----------------------+
| new_0 | new_1 | new_2 | new_3                       | new_4                       | new_5                       | new_6                       | new_7                       | new_8                       | new_9                | new_10               | new_11               | new_12               | new_13               | new_14               | new_15               | new_16               | new_17               |
+-------+-------+-------+-----------------------------+-----------------------------+-----------------------------+-----------------------------+-----------------------------+-----------------------------+----------------------+----------------------+----------------------+----------------------+----------------------+----------------------+----------------------+----------------------+----------------------+
